declarations:
  StateField(ValueId(0)) name=event
  Struct(StructId(0)) name=Point
  Enum(EnumId(0)) name=Event
  Function(FunctionId(0)) name=pointX
  Action(WhileAttached) name=whileAttached
signatures:
  FunctionId(0) pointX(Event) -> i32?
bodies:
  function 0:
    evaluate e5
  action whileAttached:
    let v3 = e9
    let v4 = e13
    evaluate e16
expressions:
  e0: Event = enum 0.Idle payload=None resolve=EnumConstructor { variant: Source(EnumVariantId(0)) } convert=LiftResult Event -> Event!
  e1: Event = path event resolve=ValuePath { root: Some(Variable(ValueId(1))), members: [] }
  e2: i32? = path point.x resolve=ValuePath { root: Some(Variable(ValueId(2))), members: [StructField(StructFieldId(0))] } convert=LiftOption i32 -> i32?
  e3: i32? = None convert=NoneToOptional None -> i32?
  e4: i32? = match e1 arms=[p0 Enum { enumeration: Source(EnumId(0)), variant: "Moved", binding: Some(PatternBinding { id: ValueId(2), name: "point" }) } guard=None value=e2, p1 Enum { enumeration: Source(EnumId(0)), variant: "Idle", binding: None } guard=None value=e3]
  e5: Never = return Some(ExprId(4))
  e6: i32 = int 3 suffix=None
  e7: i32 = int 4 suffix=None
  e8: Point = struct 0 fields=[("x", ExprId(6)), ("y", ExprId(7))] resolve=StructLiteral { structure: Source(StructId(0)), fields: [Source(StructFieldId(0)), Source(StructFieldId(1))] }
  e9: Event = enum 0.Moved payload=Some(ExprId(8)) resolve=EnumConstructor { variant: Source(EnumVariantId(1)) }
  e10: Event = path next resolve=ValuePath { root: Some(Variable(ValueId(3))), members: [] }
  e11: i32? = call pointX args=[ExprId(10)] resolve=Call(UserFunction { function: FunctionId(0), type_arguments: [], signature: [TypeId(_), TypeId(_)] })
  e12: i32 = int 0 suffix=None
  e13: i32 = fallback e11 else=e12
  e14: i32 = path x resolve=ValuePath { root: Some(Variable(ValueId(4))), members: [] }
  e15: String = interpolate [text "x=", e14 conversion=ToString<i32>]
  e16: None = call print args=[ExprId(15)] resolve=Call(StandardLibrary { item: Print, type_arguments: [TypeId(_)], signature: [TypeId(_), TypeId(_)], receiver: None, receiver_type: None })
